{
  inputs.nixpkgs.url = "github:NixOS/nixpkgs/nixos-unstable";
  inputs.overlay0.url = "github:thebrandonlucas/roc-overlay";
  outputs = { nixpkgs, overlay0, ... }:
    let
      pkgs = import nixpkgs {
        system = "{{system}}";
        overlays = [
          overlay0.overlays.default
        ];
      };
    in {
      legacyPackages."{{system}}" = pkgs;
      devShells."{{system}}".default = pkgs.mkShell {
        packages = [
              pkgs."rocpkgs"."nightly"
        ];
      };
    };
}