{"backend":"nix","flake_attribute":"kaiImages.\"agent\".image","flake_path":".kai/images/agent","format":"qcow2","kind":"machine-image","metadata_path":".kai/artifacts/images/agent/metadata.json","name":"agent","output_path":".kai/artifacts/images/agent/result/agent.qcow2","schema":1,"target_architecture":"x86_64","target_system":"x86_64-linux"}