{
  inputs.nixpkgs.url = "github:NixOS/nixpkgs/nixos-unstable";
  outputs = { nixpkgs, ... }:
    let
      system = "x86_64-linux";
      pkgs = import nixpkgs {
        inherit system;
        overlays = [
        ];
      };
      machine = nixpkgs.lib.nixosSystem {
        inherit system;
        modules = [
          { nixpkgs.pkgs = pkgs; }
          ./machine.nix
        ];
      };
    in {
      nixosConfigurations."agent" = machine;
      kaiMachines."agent" = {
        kind = "machine";
        name = "agent";
        inherit system;
        closure = machine.config.system.build.toplevel;
      };
    };
}